[36mvite v8.0.16 [32mbuilding client environment for production...[36m[39m
[2Ktransforming...✓ 2995 modules transformed.
rendering chunks...
computing gzip size...
dist/index.html                     0.47 kB │ gzip:   0.30 kB
dist/assets/index-4Rgxr9iP.css     95.92 kB │ gzip:  15.27 kB
dist/assets/index--htD-ADP.js   1,297.41 kB │ gzip: 360.47 kB

[33m[33m[PLUGIN_TIMINGS] [0mYour build spent significant time in plugins. Here is a breakdown:
  - vite:css (55%)
  - vite:build-html (33%)
  - rolldown:vite-resolve (7%)
See https://rolldown.rs/options/checks#plugintimings for more details.
[39m
[33m[plugin builtin:vite-reporter] 
(!) Some chunks are larger than 500 kB after minification. Consider:
- Using dynamic import() to code-split the application
- Use build.rolldownOptions.output.codeSplitting to improve chunking: https://rolldown.rs/reference/OutputOptions.codeSplitting
- Adjust chunk size limit for this warning via build.chunkSizeWarningLimit.[39m
[32m✓ built in 13.03s[39m
